[    0.000000] Linux version 4.15.0-88-generic (buildd@lgw01-amd64-036) (gcc version 7.4.0 (Ubuntu 7.4.0-1ubuntu1~18.04.1)) #88-Ubuntu SMP Tue Feb 11 20:11:34 UTC 2020 (Ubuntu 4.15.0-88.88-generic 4.15.18)
[    0.000000] Command line: BOOT_IMAGE=/boot/vmlinuz-4.15.0-88-generic root=LABEL=cloudimg-rootfs ro console=tty1 console=ttyS0
[    0.000000] KERNEL supported cpus:
[    0.000000]   Intel GenuineIntel
[    0.000000]   AMD AuthenticAMD
[    0.000000]   Centaur CentaurHauls
[    0.000000] x86/fpu: Supporting XSAVE feature 0x001: 'x87 floating point registers'
[    0.000000] x86/fpu: Supporting XSAVE feature 0x002: 'SSE registers'
[    0.000000] x86/fpu: Supporting XSAVE feature 0x004: 'AVX registers'
[    0.000000] x86/fpu: xstate_offset[2]:  576, xstate_sizes[2]:  256
[    0.000000] x86/fpu: Enabled xstate features 0x7, context size is 832 bytes, using 'standard' format.
[    0.000000] e820: BIOS-provided physical RAM map:
[    0.000000] BIOS-e820: [mem 0x0000000000000000-0x000000000009fbff] usable
[    0.000000] BIOS-e820: [mem 0x000000000009fc00-0x000000000009ffff] reserved
[    0.000000] BIOS-e820: [mem 0x00000000000f0000-0x00000000000fffff] reserved
[    0.000000] BIOS-e820: [mem 0x0000000000100000-0x000000007ffeffff] usable
[    0.000000] BIOS-e820: [mem 0x000000007fff0000-0x000000007fffffff] ACPI data
[    0.000000] BIOS-e820: [mem 0x00000000fec00000-0x00000000fec00fff] reserved
[    0.000000] BIOS-e820: [mem 0x00000000fee00000-0x00000000fee00fff] reserved
[    0.000000] BIOS-e820: [mem 0x00000000fffc0000-0x00000000ffffffff] reserved
[    0.000000] NX (Execute Disable) protection: active
[    0.000000] SMBIOS 2.5 present.
[    0.000000] DMI: innotek GmbH VirtualBox/VirtualBox, BIOS VirtualBox 12/01/2006
[    0.000000] Hypervisor detected: KVM
[    0.000000] e820: last_pfn = 0x7fff0 max_arch_pfn = 0x400000000
[    0.000000] MTRR: Disabled
[    0.000000] x86/PAT: MTRRs disabled, skipping PAT initialization too.
[    0.000000] CPU MTRRs all blank - virtualized system.
[    0.000000] x86/PAT: Configuration [0-7]: WB  WT  UC- UC  WB  WT  UC- UC  
[    0.000000] found SMP MP-table at [mem 0x0009fff0-0x0009ffff]
[    0.000000] Scanning 1 areas for low memory corruption
[    0.000000] RAMDISK: [mem 0x35a6f000-0x36d2efff]
[    0.000000] ACPI: Early table checksum verification disabled
[    0.000000] ACPI: RSDP 0x00000000000E0000 000024 (v02 VBOX  )
[    0.000000] ACPI: XSDT 0x000000007FFF0030 00003C (v01 VBOX   VBOXXSDT 00000001 ASL  00000061)
[    0.000000] ACPI: FACP 0x000000007FFF00F0 0000F4 (v04 VBOX   VBOXFACP 00000001 ASL  00000061)
[    0.000000] ACPI: DSDT 0x000000007FFF0470 0022EA (v02 VBOX   VBOXBIOS 00000002 INTL 20100528)
[    0.000000] ACPI: FACS 0x000000007FFF0200 000040
[    0.000000] ACPI: FACS 0x000000007FFF0200 000040
[    0.000000] ACPI: APIC 0x000000007FFF0240 000054 (v02 VBOX   VBOXAPIC 00000001 ASL  00000061)
[    0.000000] ACPI: SSDT 0x000000007FFF02A0 0001CC (v01 VBOX   VBOXCPUT 00000002 INTL 20100528)
[    0.000000] No NUMA configuration found
[    0.000000] Faking a node at [mem 0x0000000000000000-0x000000007ffeffff]
[    0.000000] NODE_DATA(0) allocated [mem 0x7ffc5000-0x7ffeffff]
[    0.000000] kvm-clock: cpu 0, msr 0:7ff44001, primary cpu clock
[    0.000000] kvm-clock: Using msrs 4b564d01 and 4b564d00
[    0.000000] kvm-clock: using sched offset of 4056108527 cycles
[    0.000000] clocksource: kvm-clock: mask: 0xffffffffffffffff max_cycles: 0x1cd42e4dffb, max_idle_ns: 881590591483 ns
[    0.000000] Zone ranges:
[    0.000000]   DMA      [mem 0x0000000000001000-0x0000000000ffffff]
[    0.000000]   DMA32    [mem 0x0000000001000000-0x000000007ffeffff]
[    0.000000]   Normal   empty
[    0.000000]   Device   empty
[    0.000000] Movable zone start for each node
[    0.000000] Early memory node ranges
[    0.000000]   node   0: [mem 0x0000000000001000-0x000000000009efff]
[    0.000000]   node   0: [mem 0x0000000000100000-0x000000007ffeffff]
[    0.000000] Reserved but unavailable: 98 pages
[    0.000000] Initmem setup node 0 [mem 0x0000000000001000-0x000000007ffeffff]
[    0.000000] ACPI: PM-Timer IO Port: 0x4008
[    0.000000] IOAPIC[0]: apic_id 1, version 32, address 0xfec00000, GSI 0-23
[    0.000000] ACPI: INT_SRC_OVR (bus 0 bus_irq 0 global_irq 2 dfl dfl)
[    0.000000] ACPI: INT_SRC_OVR (bus 0 bus_irq 9 global_irq 9 low level)
[    0.000000] Using ACPI (MADT) for SMP configuration information
[    0.000000] smpboot: Allowing 1 CPUs, 0 hotplug CPUs
[    0.000000] PM: Registered nosave memory: [mem 0x00000000-0x00000fff]
[    0.000000] PM: Registered nosave memory: [mem 0x0009f000-0x0009ffff]
[    0.000000] PM: Registered nosave memory: [mem 0x000a0000-0x000effff]
[    0.000000] PM: Registered nosave memory: [mem 0x000f0000-0x000fffff]
[    0.000000] e820: [mem 0x80000000-0xfebfffff] available for PCI devices
[    0.000000] Booting paravirtualized kernel on KVM
[    0.000000] clocksource: refined-jiffies: mask: 0xffffffff max_cycles: 0xffffffff, max_idle_ns: 7645519600211568 ns
[    0.000000] random: get_random_bytes called from start_kernel+0x99/0x4fd with crng_init=0
[    0.000000] setup_percpu: NR_CPUS:8192 nr_cpumask_bits:1 nr_cpu_ids:1 nr_node_ids:1
[    0.000000] percpu: Embedded 45 pages/cpu s147456 r8192 d28672 u2097152
[    0.000000] PV qspinlock hash table entries: 256 (order: 0, 4096 bytes)
[    0.000000] Built 1 zonelists, mobility grouping on.  Total pages: 515961
[    0.000000] Policy zone: DMA32
[    0.000000] Kernel command line: BOOT_IMAGE=/boot/vmlinuz-4.15.0-88-generic root=LABEL=cloudimg-rootfs ro console=tty1 console=ttyS0
[    0.000000] Memory: 2015444K/2096696K available (12300K kernel code, 2481K rwdata, 4264K rodata, 2428K init, 2712K bss, 81252K reserved, 0K cma-reserved)
[    0.000000] SLUB: HWalign=64, Order=0-3, MinObjects=0, CPUs=1, Nodes=1
[    0.000000] Kernel/User page tables isolation: enabled
[    0.000000] ftrace: allocating 39344 entries in 154 pages
[    0.004000] Hierarchical RCU implementation.
[    0.004000] 	RCU restricting CPUs from NR_CPUS=8192 to nr_cpu_ids=1.
[    0.004000] 	Tasks RCU enabled.
[    0.004000] RCU: Adjusting geometry for rcu_fanout_leaf=16, nr_cpu_ids=1
[    0.004000] NR_IRQS: 524544, nr_irqs: 256, preallocated irqs: 16
[    0.004000] Console: colour VGA+ 80x25
[    0.004000] console [tty1] enabled
[    0.004000] console [ttyS0] enabled
[    0.004000] ACPI: Core revision 20170831
[    0.004000] ACPI: 2 ACPI AML tables successfully acquired and loaded
[    0.004000] APIC: Switch to symmetric I/O mode setup
[    0.004000] x2apic enabled
[    0.004000] Switched APIC routing to physical x2apic.
[    0.004000] ..TIMER: vector=0x30 apic1=0 pin1=2 apic2=-1 pin2=-1
[    0.004004] tsc: Detected 2699.998 MHz processor
[    0.004998] Calibrating delay loop (skipped) preset value.. 5399.99 BogoMIPS (lpj=10799992)
[    0.008003] pid_max: default: 32768 minimum: 301
[    0.009029] Security Framework initialized
[    0.010614] Yama: becoming mindful.
[    0.012030] AppArmor: AppArmor initialized
[    0.014906] Dentry cache hash table entries: 262144 (order: 9, 2097152 bytes)
[    0.017938] Inode-cache hash table entries: 131072 (order: 8, 1048576 bytes)
[    0.020026] Mount-cache hash table entries: 4096 (order: 3, 32768 bytes)
[    0.021690] Mountpoint-cache hash table entries: 4096 (order: 3, 32768 bytes)
[    0.023617] process: using mwait in idle threads
[    0.024007] Last level iTLB entries: 4KB 64, 2MB 8, 4MB 8
[    0.025147] Last level dTLB entries: 4KB 64, 2MB 0, 4MB 0, 1GB 4
[    0.026666] Spectre V1 : Mitigation: usercopy/swapgs barriers and __user pointer sanitization
[    0.028003] Spectre V2 : Mitigation: Full generic retpoline
[    0.029176] Spectre V2 : Spectre v2 / SpectreRSB mitigation: Filling RSB on context switch
[    0.032003] Speculative Store Bypass: Vulnerable
[    0.033087] MDS: Mitigation: Clear CPU buffers
[    0.048434] Freeing SMP alternatives memory: 36K
[    0.160852] smpboot: CPU0: Intel(R) Core(TM) i5-5257U CPU @ 2.70GHz (family: 0x6, model: 0x3d, stepping: 0x4)
[    0.163360] Performance Events: unsupported p6 CPU model 61 no PMU driver, software events only.
[    0.164073] Hierarchical SRCU implementation.
[    0.165642] NMI watchdog: Perf event create on CPU 0 failed with -2
[    0.168003] NMI watchdog: Perf NMI watchdog permanently disabled
[    0.169327] smp: Bringing up secondary CPUs ...
[    0.170465] smp: Brought up 1 node, 1 CPU
[    0.172008] smpboot: Max logical packages: 1
[    0.172946] smpboot: Total of 1 processors activated (5399.99 BogoMIPS)
[    0.174516] devtmpfs: initialized
[    0.176055] x86/mm: Memory block size: 128MB
[    0.177173] evm: security.selinux
[    0.177921] evm: security.SMACK64
[    0.178665] evm: security.SMACK64EXEC
[    0.180011] evm: security.SMACK64TRANSMUTE
[    0.181261] evm: security.SMACK64MMAP
[    0.182063] evm: security.apparmor
[    0.182813] evm: security.ima
[    0.184003] evm: security.capability
[    0.184947] clocksource: jiffies: mask: 0xffffffff max_cycles: 0xffffffff, max_idle_ns: 7645041785100000 ns
[    0.187194] futex hash table entries: 256 (order: 2, 16384 bytes)
[    0.188085] pinctrl core: initialized pinctrl subsystem
[    0.189415] RTC time: 22:18:44, date: 02/24/20
[    0.190561] NET: Registered protocol family 16
[    0.192077] audit: initializing netlink subsys (disabled)
[    0.193351] cpuidle: using governor ladder
[    0.194512] cpuidle: using governor menu
[    0.196067] ACPI: bus type PCI registered
[    0.197091] acpiphp: ACPI Hot Plug PCI Controller Driver version: 0.5
[    0.198670] PCI: Using configuration type 1 for base access
[    0.200034] audit: type=2000 audit(1582582730.355:1): state=initialized audit_enabled=0 res=1
[    0.204626] HugeTLB registered 2.00 MiB page size, pre-allocated 0 pages
[    0.207036] ACPI: Added _OSI(Module Device)
[    0.208007] ACPI: Added _OSI(Processor Device)
[    0.209039] ACPI: Added _OSI(3.0 _SCP Extensions)
[    0.210054] ACPI: Added _OSI(Processor Aggregator Device)
[    0.212024] ACPI: Added _OSI(Linux-Dell-Video)
[    0.213351] ACPI: Added _OSI(Linux-Lenovo-NV-HDMI-Audio)
[    0.214958] ACPI: Added _OSI(Linux-HPI-Hybrid-Graphics)
[    0.216435] ACPI: Executed 1 blocks of module-level executable AML code
[    0.222931] ACPI: Interpreter enabled
[    0.223834] ACPI: (supports S0 S5)
[    0.224005] ACPI: Using IOAPIC for interrupt routing
[    0.225423] PCI: Using host bridge windows from ACPI; if necessary, use "pci=nocrs" and report a bug
[    0.228251] ACPI: Enabled 2 GPEs in block 00 to 07
[    0.239111] ACPI: PCI Root Bridge [PCI0] (domain 0000 [bus 00-ff])
[    0.240011] acpi PNP0A03:00: _OSC: OS supports [ASPM ClockPM Segments MSI]
[    0.241919] acpi PNP0A03:00: _OSC: not requesting OS control; OS requires [ExtendedConfig ASPM ClockPM MSI]
[    0.244028] acpi PNP0A03:00: fail to add MMCONFIG information, can't access extended PCI configuration space under this bridge.
[    0.248442] PCI host bridge to bus 0000:00
[    0.249350] pci_bus 0000:00: root bus resource [io  0x0000-0x0cf7 window]
[    0.252011] pci_bus 0000:00: root bus resource [io  0x0d00-0xffff window]
[    0.253471] pci_bus 0000:00: root bus resource [mem 0x000a0000-0x000bffff window]
[    0.255074] pci_bus 0000:00: root bus resource [mem 0x80000000-0xfdffffff window]
[    0.256006] pci_bus 0000:00: root bus resource [bus 00-ff]
[    0.262269] pci 0000:00:01.1: legacy IDE quirk: reg 0x10: [io  0x01f0-0x01f7]
[    0.263825] pci 0000:00:01.1: legacy IDE quirk: reg 0x14: [io  0x03f6]
[    0.264006] pci 0000:00:01.1: legacy IDE quirk: reg 0x18: [io  0x0170-0x0177]
[    0.265554] pci 0000:00:01.1: legacy IDE quirk: reg 0x1c: [io  0x0376]
[    0.304917] pci 0000:00:07.0: quirk: [io  0x4000-0x403f] claimed by PIIX4 ACPI
[    0.307546] pci 0000:00:07.0: quirk: [io  0x4100-0x410f] claimed by PIIX4 SMB
[    0.333692] ACPI: PCI Interrupt Link [LNKA] (IRQs 5 9 10 *11)
[    0.336529] ACPI: PCI Interrupt Link [LNKB] (IRQs 5 9 *10 11)
[    0.338902] ACPI: PCI Interrupt Link [LNKC] (IRQs 5 *9 10 11)
[    0.340235] ACPI: PCI Interrupt Link [LNKD] (IRQs 5 9 10 *11)
[    0.344016] SCSI subsystem initialized
[    0.345655] pci 0000:00:02.0: vgaarb: setting as boot VGA device
[    0.348000] pci 0000:00:02.0: vgaarb: VGA device added: decodes=io+mem,owns=io+mem,locks=none
[    0.348028] pci 0000:00:02.0: vgaarb: bridge control possible
[    0.352006] vgaarb: loaded
[    0.353210] ACPI: bus type USB registered
[    0.356092] usbcore: registered new interface driver usbfs
[    0.358347] usbcore: registered new interface driver hub
[    0.360031] usbcore: registered new device driver usb
[    0.364435] EDAC MC: Ver: 3.0.0
[    0.366494] PCI: Using ACPI for IRQ routing
[    0.368531] NetLabel: Initializing
[    0.369811] NetLabel:  domain hash size = 128
[    0.371360] NetLabel:  protocols = UNLABELED CIPSOv4 CALIPSO
[    0.372071] NetLabel:  unlabeled traffic allowed by default
[    0.376289] clocksource: Switched to clocksource kvm-clock
[    0.401572] VFS: Disk quotas dquot_6.6.0
[    0.403211] VFS: Dquot-cache hash table entries: 512 (order 0, 4096 bytes)
[    0.406654] AppArmor: AppArmor Filesystem Enabled
[    0.408512] pnp: PnP ACPI init
[    0.413104] pnp: PnP ACPI: found 3 devices
[    0.420899] clocksource: acpi_pm: mask: 0xffffff max_cycles: 0xffffff, max_idle_ns: 2085701024 ns
[    0.424342] NET: Registered protocol family 2
[    0.426279] TCP established hash table entries: 16384 (order: 5, 131072 bytes)
[    0.430572] TCP bind hash table entries: 16384 (order: 6, 262144 bytes)
[    0.432433] TCP: Hash tables configured (established 16384 bind 16384)
[    0.434021] UDP hash table entries: 1024 (order: 3, 32768 bytes)
[    0.435320] UDP-Lite hash table entries: 1024 (order: 3, 32768 bytes)
[    0.437668] NET: Registered protocol family 1
[    0.438638] pci 0000:00:00.0: Limiting direct PCI/PCI transfers
[    0.439936] pci 0000:00:01.0: Activating ISA DMA hang workarounds
[    0.441303] pci 0000:00:02.0: Video device with shadowed ROM at [mem 0x000c0000-0x000dffff]
[    0.444332] Unpacking initramfs...
[    0.755095] Freeing initrd memory: 19200K
[    0.756336] clocksource: tsc: mask: 0xffffffffffffffff max_cycles: 0x26eb3cc21a9, max_idle_ns: 440795299783 ns
[    0.758512] platform rtc_cmos: registered platform RTC device (no PNP device found)
[    0.761544] Scanning for low memory corruption every 60 seconds
[    0.763295] Initialise system trusted keyrings
[    0.764401] Key type blacklist registered
[    0.765399] workingset: timestamp_bits=36 max_order=19 bucket_order=0
[    0.768455] zbud: loaded
[    0.769601] squashfs: version 4.0 (2009/01/31) Phillip Lougher
[    0.771082] fuse init (API version 7.26)
[    0.772724] Key type asymmetric registered
[    0.773629] Asymmetric key parser 'x509' registered
[    0.774698] Block layer SCSI generic (bsg) driver version 0.4 loaded (major 246)
[    0.777432] io scheduler noop registered
[    0.778308] io scheduler deadline registered
[    0.779295] io scheduler cfq registered (default)
[    0.780842] ACPI: AC Adapter [AC] (on-line)
[    0.781892] input: Power Button as /devices/LNXSYSTM:00/LNXPWRBN:00/input/input0
[    0.784494] ACPI: Power Button [PWRF]
[    0.785786] input: Sleep Button as /devices/LNXSYSTM:00/LNXSLPBN:00/input/input1
[    0.787457] ACPI: Sleep Button [SLPF]
[    0.789970] ACPI: Battery Slot [BAT0] (battery present)
[    0.791335] Serial: 8250/16550 driver, 32 ports, IRQ sharing enabled
[    0.815666] 00:02: ttyS0 at I/O 0x3f8 (irq = 4, base_baud = 115200) is a 16550A
[    0.819953] Linux agpgart interface v0.103
[    0.821881] loop: module loaded
[    0.823107] scsi host0: ata_piix
[    0.824318] scsi host1: ata_piix
[    0.825379] ata1: PATA max UDMA/33 cmd 0x1f0 ctl 0x3f6 bmdma 0xd000 irq 14
[    0.826972] ata2: PATA max UDMA/33 cmd 0x170 ctl 0x376 bmdma 0xd008 irq 15
[    0.829289] libphy: Fixed MDIO Bus: probed
[    0.830298] tun: Universal TUN/TAP device driver, 1.6
[    0.831545] PPP generic driver version 2.4.2
[    0.833178] ehci_hcd: USB 2.0 'Enhanced' Host Controller (EHCI) Driver
[    0.834698] ehci-pci: EHCI PCI platform driver
[    0.835735] ehci-platform: EHCI generic platform driver
[    0.836927] ohci_hcd: USB 1.1 'Open' Host Controller (OHCI) Driver
[    0.838224] ohci-pci: OHCI PCI platform driver
[    0.839231] ohci-platform: OHCI generic platform driver
[    0.841066] uhci_hcd: USB Universal Host Controller Interface driver
[    0.842492] i8042: PNP: PS/2 Controller [PNP0303:PS2K,PNP0f03:PS2M] at 0x60,0x64 irq 1,12
[    0.844701] serio: i8042 KBD port at 0x60,0x64 irq 1
[    0.845788] serio: i8042 AUX port at 0x60,0x64 irq 12
[    0.846943] mousedev: PS/2 mouse device common for all mice
[    0.848917] input: AT Translated Set 2 keyboard as /devices/platform/i8042/serio0/input/input2
[    0.851618] rtc_cmos rtc_cmos: rtc core: registered rtc_cmos as rtc0
[    0.853121] rtc_cmos rtc_cmos: alarms up to one day, 114 bytes nvram
[    0.854465] i2c /dev entries driver
[    0.855307] device-mapper: uevent: version 1.0.3
[    0.857075] device-mapper: ioctl: 4.37.0-ioctl (2017-09-20) initialised: dm-devel@redhat.com
[    0.859066] ledtrig-cpu: registered to indicate activity on CPUs
[    0.860668] NET: Registered protocol family 10
[    0.864453] Segment Routing with IPv6
[    0.865771] NET: Registered protocol family 17
[    0.866926] Key type dns_resolver registered
[    0.868092] mce: Using 0 MCE banks
[    0.868976] RAS: Correctable Errors collector initialized.
[    0.870266] sched_clock: Marking stable (868950548, 0)->(1116946517, -247995969)
[    0.871983] registered taskstats version 1
[    0.873632] Loading compiled-in X.509 certificates
[    0.876712] Loaded X.509 cert 'Build time autogenerated kernel key: f0020782f0d3a548186fb3f47aed88387a71e859'
[    0.879060] zswap: loaded using pool lzo/zbud
[    0.882790] Key type big_key registered
[    0.883903] Key type trusted registered
[    0.886500] Key type encrypted registered
[    0.887495] AppArmor: AppArmor sha1 policy hashing enabled
[    0.889215] ima: No TPM chip found, activating TPM-bypass! (rc=-19)
[    0.890589] ima: Allocated hash algorithm: sha1
[    0.891580] evm: HMAC attrs: 0x1
[    0.892721]   Magic number: 8:385:351
[    0.893600] rtc_cmos rtc_cmos: setting system clock to 2020-02-24 22:18:45 UTC (1582582725)
[    0.895417] BIOS EDD facility v0.16 2004-Jun-25, 0 devices found
[    0.897006] EDD information not available.
[    0.991009] Freeing unused kernel image memory: 2428K
[    1.000565] Write protecting the kernel read-only data: 20480k
[    1.003374] Freeing unused kernel image memory: 2008K
[    1.004820] Freeing unused kernel image memory: 1880K
[    1.012301] x86/mm: Checked W+X mappings: passed, no W+X pages found.
[    1.013876] x86/mm: Checking user space page tables
[    1.021212] x86/mm: Checked W+X mappings: passed, no W+X pages found.
Loading, please wait...
starting version 237
[    1.118314] e1000: Intel(R) PRO/1000 Network Driver - version 7.3.21-k8-NAPI
[    1.119970] e1000: Copyright (c) 1999-2006 Intel Corporation.
[    1.125689] Fusion MPT base driver 3.04.20
[    1.126701] Copyright (c) 1999-2008 LSI Corporation
[    1.144916] Fusion MPT SPI Host driver 3.04.20
[    1.165422] AVX2 version of gcm_enc/dec engaged.
[    1.166570] AES CTR mode by8 optimization enabled
[    1.350571] input: ImExPS/2 Generic Explorer Mouse as /devices/platform/i8042/serio1/input/input4
[    1.605305] e1000 0000:00:03.0 eth0: (PCI:33MHz:32-bit) 02:12:4b:e9:82:8c
[    1.606838] e1000 0000:00:03.0 eth0: Intel(R) PRO/1000 Network Connection
[    1.610172] mptbase: ioc0: Initiating bringup
[    1.704700] ioc0: LSI53C1030 A0: Capabilities={Initiator}
[    1.951332] scsi host2: ioc0: LSI53C1030 A0, FwRev=00000000h, Ports=1, MaxQ=256, IRQ=20
[    2.121654] scsi 2:0:0:0: Direct-Access     VBOX     HARDDISK         1.0  PQ: 0 ANSI: 5
[    2.123778] scsi target2:0:0: Beginning Domain Validation
[    2.127991] random: fast init done
[    2.129042] scsi target2:0:0: Domain Validation skipping write tests
[    2.130380] scsi target2:0:0: Ending Domain Validation
[    2.131498] scsi target2:0:0: asynchronous
[    2.133120] scsi 2:0:1:0: Direct-Access     VBOX     HARDDISK         1.0  PQ: 0 ANSI: 5
[    2.134849] scsi target2:0:1: Beginning Domain Validation
[    2.136624] scsi target2:0:1: Domain Validation skipping write tests
[    2.137973] scsi target2:0:1: Ending Domain Validation
[    2.139125] scsi target2:0:1: asynchronous
[    2.143994] random: systemd-udevd: uninitialized urandom read (16 bytes read)
[    2.145662] random: systemd-udevd: uninitialized urandom read (16 bytes read)
[    2.147148] random: systemd-udevd: uninitialized urandom read (16 bytes read)
[    2.149253] sd 2:0:0:0: Attached scsi generic sg0 type 0
[    2.150507] sd 2:0:0:0: [sda] 20971520 512-byte logical blocks: (10.7 GB/10.0 GiB)
[    2.152289] sd 2:0:0:0: [sda] Write Protect is off
[    2.153472] sd 2:0:0:0: [sda] Incomplete mode parameter data
[    2.154693] sd 2:0:0:0: [sda] Assuming drive cache: write through
[    2.156092] sd 2:0:1:0: [sdb] 20480 512-byte logical blocks: (10.5 MB/10.0 MiB)
[    2.158458] sd 2:0:1:0: Attached scsi generic sg1 type 0
[    2.160165] sd 2:0:1:0: [sdb] Write Protect is off
[    2.166332] sd 2:0:1:0: [sdb] Incomplete mode parameter data
[    2.167776] sd 2:0:1:0: [sdb] Assuming drive cache: write through
[    2.175699]  sda: sda1
[    2.186912] sd 2:0:1:0: [sdb] Attached SCSI disk
[    2.193103] sd 2:0:0:0: [sda] Attached SCSI disk
[    2.570202] e1000 0000:00:08.0 eth1: (PCI:33MHz:32-bit) 08:00:27:77:06:c3
[    2.571768] e1000 0000:00:08.0 eth1: Intel(R) PRO/1000 Network Connection
[    2.574463] e1000 0000:00:08.0 enp0s8: renamed from eth1
[    2.578228] e1000 0000:00:03.0 enp0s3: renamed from eth0
Begin: Loading essential drivers ... [    4.056621] raid6: sse2x1   gen()  9328 MB/s
[    4.104369] raid6: sse2x1   xor()  6869 MB/s
[    4.152548] raid6: sse2x2   gen() 11579 MB/s
[    4.200270] raid6: sse2x2   xor()  7271 MB/s
[    4.248489] raid6: sse2x4   gen() 12216 MB/s
[    4.296292] raid6: sse2x4   xor()  7525 MB/s
[    4.344312] raid6: avx2x1   gen() 17108 MB/s
[    4.392204] raid6: avx2x1   xor() 11547 MB/s
[    4.440553] raid6: avx2x2   gen() 20134 MB/s
[    4.488417] raid6: avx2x2   xor() 11429 MB/s
[    4.536397] raid6: avx2x4   gen() 24058 MB/s
[    4.584441] raid6: avx2x4   xor() 14129 MB/s
[    4.585505] raid6: using algorithm avx2x4 gen() 24058 MB/s
[    4.586750] raid6: .... xor() 14129 MB/s, rmw enabled
[    4.588092] raid6: using avx2x2 recovery algorithm
[    4.593025] xor: automatically using best checksumming function   avx       
[    4.598315] async_tx: api initialized (async)
done.
Begin: Running /scripts/init-premount ... done.
Begin: Mounting root file system ... Begin: Running /scripts/local-top ... done.
Begin: Running /scripts/local-premount ... [    4.660249] Btrfs loaded, crc32c=crc32c-intel
Scanning for Btrfs filesystems
done.
Warning: fsck not present, so skipping root file system
[    4.697712] EXT4-fs (sda1): mounted filesystem with ordered data mode. Opts: (null)
done.
Begin: Running /scripts/local-bottom ... done.
Begin: Running /scripts/init-bottom ... done.
[    4.869832] ip_tables: (C) 2000-2006 Netfilter Core Team
[    4.880834] systemd[1]: systemd 237 running in system mode. (+PAM +AUDIT +SELINUX +IMA +APPARMOR +SMACK +SYSVINIT +UTMP +LIBCRYPTSETUP +GCRYPT +GNUTLS +ACL +XZ +LZ4 +SECCOMP +BLKID +ELFUTILS +KMOD -IDN2 +IDN -PCRE2 default-hierarchy=hybrid)
[    4.885637] systemd[1]: Detected virtualization oracle.
[    4.887148] systemd[1]: Detected architecture x86-64.

Welcome to [1mUbuntu 18.04.4 LTS[0m!

[    4.892201] systemd[1]: Set hostname to <ubuntu>.
[    4.900160] systemd[1]: Initializing machine ID from random generator.
[    4.902151] systemd[1]: Installed transient /etc/machine-id file.
[    5.207597] systemd[1]: Reached target System Time Synchronized.
[[0;32m  OK  [0m] Reached target System Time Synchronized.
[    5.211035] systemd[1]: Created slice User and Session Slice.
[[0;32m  OK  [0m] Created slice User and Session Slice.
[    5.213511] systemd[1]: Started Forward Password Requests to Wall Directory Watch.
[[0;32m  OK  [0m] Started Forward Password Requests to Wall Directory Watch.
[    5.216306] systemd[1]: Set up automount Arbitrary Executable File Formats File System Automount Point.
[[0;32m  OK  [0m] Set up automount Arbitrary Executabâ€¦rmats File System Automount Point.
[[0;32m  OK  [0m] Reached target Swap.
[[0;32m  OK  [0m] Reached target User and Group Name Lookups.
[[0;32m  OK  [0m] Created slice System Slice.
[[0;32m  OK  [0m] Listening on LVM2 metadata daemon socket.
[[0;32m  OK  [0m] Listening on udev Kernel Socket.
[[0;32m  OK  [0m] Listening on Device-mapper event daemon FIFOs.
[[0;32m  OK  [0m] Listening on LVM2 poll daemon socket.
[[0;32m  OK  [0m] Listening on Syslog Socket.
[[0;32m  OK  [0m] Listening on Journal Socket.
         Starting Load Kernel Modules...
         Starting Set the console keyboard layout...
[[0;32m  OK  [0m] Listening on udev Control Socket.
         Starting udev Coldplug all Devices...
         Mounting Huge Pages File System...
[    5.274929] Loading iSCSI transport class v2.0-870.
         Starting Remount Root and Kernel File Systems...
[    5.286345] iscsi: registered transport (tcp)
         Starting Monitoring of LVM2 mirrorsâ€¦ng dmeventd or progress polling...
         Mounting Kernel Debug File System...
[[0;32m  OK  [0m] Listening on /dev/initctl Compatibility Named Pipe.
         Starting Create list of required stâ€¦ce nodes for the current kernel...
         Mounting POSIX Message Queue File System...
[[0;32m  OK  [0m] Listening on Journal Audit Socket.
         Starting Uncomplicated firewall...
[[0;32m  OK  [0m] Listening on Network Service Netlink Socket.
[[0;32m  OK  [0m] Reached target Slices.
[[0;32m  OK  [0m] Created slice system-serial\x2dgetty.slice.
[[0;32m  OK  [0m] Listening on Journal Socket (/dev/log).
         Starting Journal Service...
[[0;32m  OK  [0m] Started Create list of required staâ€¦vice nodes for the current kernel.
[[0;32m  OK  [0m] Mounted Huge Pages File System.
[[0;32m  OK  [0m] Mounted Kernel Debug File System.[    5.431509] EXT4-fs (sda1): re-mounted. Opts: (null)

[    5.437540] iscsi: registered transport (iser)
[[0;32m  OK  [0m] Started Load Kernel Modules.
[[0;32m  OK  [0m] Started Remount Root and Kernel File Systems.
[[0;32m  OK  [0m] Mounted POSIX Message Queue File System.
[[0;32m  OK  [0m] Started Uncomplicated firewall.
[[0;32m  OK  [0m] Started LVM2 metadata daemon.
         Starting Load/Save Random Seed...
         Mounting Kernel Configuration File System...
         Starting Apply Kernel Variables...
         Mounting FUSE Control File System...
         Starting Create Static Device Nodes in /dev...
[[0;32m  OK  [0m] Started Monitoring of LVM2 mirrors,â€¦sing dmeventd or progress polling.
[[0;32m  OK  [0m] Started Load/Save Random Seed.
[[0;32m  OK  [0m] Mounted Kernel Configuration File System.
[[0;32m  OK  [0m] Mounted FUSE Control File System.
[[0;32m  OK  [0m] Started Create Static Device Nodes in /dev.
         Starting udev Kernel Device Manager...
[[0;32m  OK  [0m] Started udev Coldplug all Devices.
[[0;32m  OK  [0m] Started Apply Kernel Variables.
[[0;32m  OK  [0m] Started Journal Service.
         Starting Flush Journal to Persistent Storage...
[[0;32m  OK  [0m] Started udev Kernel Device Manager.
[[0;32m  OK  [0m] Started Flush Journal to Persistent Storage.
[[0;32m  OK  [0m] Found device /dev/ttyS0.
[[0;32m  OK  [0m] Listening on Load/Save RF Kill Switch Status /dev/rfkill Watch.
[[0;32m  OK  [0m] Started Set the console keyboard layout.
[[0;32m  OK  [0m] Started Dispatch Password Requests to Console Directory Watch.
[[0;32m  OK  [0m] Reached target Local Encrypted Volumes.
[[0;32m  OK  [0m] Reached target Local File Systems (Pre).
[[0;32m  OK  [0m] Reached target Local File Systems.
         Starting AppArmor initialization...
         Starting Tell Plymouth To Write Out Runtime Data...
         Starting Create Volatile Files and Directories...
         Starting ebtables ruleset management...
         Starting Commit a transient machine-id on disk...
         Starting Set console font and keymap...
[[0;32m  OK  [0m] Started Tell Plymouth To Write Out Runtime Data.
[[0;32m  OK  [0m] Started Commit a transient machine-id on disk.
[[0;32m  OK  [0m] Started Set console font and keymap.
[[0;32m  OK  [0m] Started Create Volatile Files and Directories.
         Starting Update UTMP about System Boot/Shutdown...
[[0;32m  OK  [0m] Started Update UTMP about System Boot/Shutdown.
[[0;32m  OK  [0m] Started ebtables ruleset management.
[[0;32m  OK  [0m] Started AppArmor initialization.
         Starting Initial cloud-init job (pre-networking)...
[   10.052307] cloud-init[583]: Cloud-init v. 19.4-33-gbb4131a2-0ubuntu1~18.04.1 running 'init-local' at Mon, 24 Feb 2020 22:18:54 +0000. Up 9.64 seconds.
[[0;32m  OK  [0m] Started Initial cloud-init job (pre-networking).
[[0;32m  OK  [0m] Reached target Network (Pre).
         Starting Network Service...
[[0;32m  OK  [0m] Started Network Service.
         Starting Wait for Network to be Configured...
         Starting Network Name Resolution...
[[0;32m  OK  [0m] Started Network Name Resolution.
[[0;32m  OK  [0m] Reached target Host and Network Name Lookups.
[[0;32m  OK  [0m] Reached target Network.
[[0;32m  OK  [0m] Started Wait for Network to be Configured.
         Starting Initial cloud-init job (metadata service crawler)...
[   13.416526] cloud-init[677]: Cloud-init v. 19.4-33-gbb4131a2-0ubuntu1~18.04.1 running 'init' at Mon, 24 Feb 2020 22:18:57 +0000. Up 12.96 seconds.
[   13.424476] cloud-init[677]: ci-info: ++++++++++++++++++++++++++++++++++++++Net device info+++++++++++++++++++++++++++++++++++++++
[   13.439518] cloud-init[677]: ci-info: +--------+-------+----------------------------+---------------+--------+-------------------+
[   13.450393] cloud-init[677]: ci-info: | Device |   Up  |          Address           |      Mask     | Scope  |     Hw-Address    |
[   13.464236] cloud-init[677]: ci-info: +--------+-------+----------------------------+---------------+--------+-------------------+
[   13.475951] cloud-init[677]: ci-info: | enp0s3 |  True |         10.0.2.15          | 255.255.255.0 | global | 02:12:4b:e9:82:8c |
[   13.488360] cloud-init[677]: ci-info: | enp0s3 |  True | fe80::12:4bff:fee9:828c/64 |       .       |  link  | 02:12:4b:e9:82:8c |
[   13.498214] cloud-init[677]: ci-info: | enp0s8 | False |             .              |       .       |   .    | 08:00:27:77:06:c3 |
[   13.508197] cloud-init[677]: ci-info: |   lo   |  True |         127.0.0.1          |   255.0.0.0   |  host  |         .         |
[   13.515461] cloud-init[677]: ci-info: |   lo   |  True |          ::1/128           |       .       |  host  |         .         |
[   13.518438] cloud-init[677]: ci-info: +--------+-------+----------------------------+---------------+--------+-------------------+
[   13.523732] cloud-init[677]: ci-info: ++++++++++++++++++++++++++++Route IPv4 info+++++++++++++++++++++++++++++
[   13.529615] cloud-init[677]: ci-info: +-------+-------------+----------+-----------------+-----------+-------+
[   13.534864] cloud-init[677]: ci-info: | Route | Destination | Gateway  |     Genmask     | Interface | Flags |
[   13.538339] cloud-init[677]: ci-info: +-------+-------------+----------+-----------------+-----------+-------+
[   13.552517] cloud-init[677]: ci-info: |   0   |   0.0.0.0   | 10.0.2.2 |     0.0.0.0     |   enp0s3  |   UG  |
[   13.564537] cloud-init[677]: ci-info: |   1   |   10.0.2.0  | 0.0.0.0  |  255.255.255.0  |   enp0s3  |   U   |
[   13.567569] cloud-init[677]: ci-info: |   2   |   10.0.2.2  | 0.0.0.0  | 255.255.255.255 |   enp0s3  |   UH  |
[   13.569809] cloud-init[677]: ci-info: +-------+-------------+----------+-----------------+-----------+-------+
[   13.572525] cloud-init[677]: ci-info: +++++++++++++++++++Route IPv6 info+++++++++++++++++++
[   13.575365] cloud-init[677]: ci-info: +-------+-------------+---------+-----------+-------+
[   13.588591] cloud-init[677]: ci-info: | Route | Destination | Gateway | Interface | Flags |
[   13.600763] cloud-init[677]: ci-info: +-------+-------------+---------+-----------+-------+
[   13.603194] cloud-init[677]: ci-info: |   1   |  fe80::/64  |    ::   |   enp0s3  |   U   |
[   13.606928] cloud-init[677]: ci-info: |   3   |    local    |    ::   |   enp0s3  |   U   |
[   13.609762] cloud-init[677]: ci-info: |   4   |   ff00::/8  |    ::   |   enp0s3  |   U   |
[   13.611805] cloud-init[677]: ci-info: +-------+-------------+---------+-----------+-------+
[   14.762527] cloud-init[677]: Generating public/private rsa key pair.
[   14.770116] cloud-init[677]: Your identification has been saved in /etc/ssh/ssh_host_rsa_key.
[   14.784281] cloud-init[677]: Your public key has been saved in /etc/ssh/ssh_host_rsa_key.pub.
[   14.795080] cloud-init[677]: The key fingerprint is:
[   14.800418] cloud-init[677]: SHA256:EU2bZUb3+tzCxAnhm9WbkqygdFahcZ5SxBJJkrYvsJI root@ubuntu-bionic
[   14.805278] cloud-init[677]: The key's randomart image is:
[   14.807621] cloud-init[677]: +---[RSA 2048]----+
[   14.809498] cloud-init[677]: |       .+**** .  |
[   14.811703] cloud-init[677]: |       o.+BOoo o |
[   14.816712] cloud-init[677]: |      . oo++o . o|
[   14.821328] cloud-init[677]: |     . . .o .*.oo|
[   14.824267] cloud-init[677]: |    . o.S+  o+=o |
[   14.828286] cloud-init[677]: |   E ...+.. .o.o.|
[   14.829248] cloud-init[677]: |    .  ..  .  o +|
[   14.832379] cloud-init[677]: |               . |
[   14.839226] cloud-init[677]: |                 |
[   14.845497] cloud-init[677]: +----[SHA256]-----+
[   14.848889] cloud-init[677]: Generating public/private dsa key pair.
[   14.864823] cloud-init[677]: Your identification has been saved in /etc/ssh/ssh_host_dsa_key.
[   14.880766] cloud-init[677]: Your public key has been saved in /etc/ssh/ssh_host_dsa_key.pub.
[   14.889377] cloud-init[677]: The key fingerprint is:
[   14.896738] cloud-init[677]: SHA256:Ofl6WIlLgAukfT83SjfhB23N5rL5azvt6gjMxCuNu2Q root@ubuntu-bionic
[   14.908585] cloud-init[677]: The key's randomart image is:
[   14.912451] cloud-init[677]: +---[DSA 1024]----+
[   14.926394] cloud-init[677]: |                 |
[   14.937282] cloud-init[677]: |  .              |
[   14.952492] cloud-init[677]: | +   .   . o     |
[   14.964836] cloud-init[677]: |. o o ..ooo +    |
[   14.973959] cloud-init[677]: |   o o oS= +     |
[   14.977395] cloud-init[677]: |    . +*O+= .    |
[   14.979773] cloud-init[677]: |     .E**B.+ .   |
[   14.988375] cloud-init[677]: |     o.ooo+.o .  |
[   14.990324] cloud-init[677]: |      o....+**.  |
[   14.996838] cloud-init[677]: +----[SHA256]-----+
[   14.998359] cloud-init[677]: Generating public/private ecdsa key pair.
[   15.005191] cloud-init[677]: Your identification has been saved in /etc/ssh/ssh_host_ecdsa_key.
[   15.007785] cloud-init[677]: Your public key has been saved in /etc/ssh/ssh_host_ecdsa_key.pub.
[   15.012279] cloud-init[677]: The key fingerprint is:
[   15.016566] cloud-init[677]: SHA256:hO+X6HAHUdJD46iis0WTBRyJVcADL6cZk6ax4ZrA80k root@ubuntu-bionic
[   15.029977] cloud-init[677]: The key's randomart image is:
[   15.032716] cloud-init[677]: [+---[ECDSA 256]---+
[   15.042052] cloud-init[677]: |  .*==. .o+      |[0;32m  OK  [0m] Started Initial cloud-init job (metadata service crawler).
[
[0;32m  OK  [0m] Reached target Cloud-config availability.
[[0;32m  OK  [0m] Reached target System Initialization.[   15.073858] cloud-init[677]: |  .o=. . =o.     |
[[0;32m  OK  [0m] Listening on UUID daemon activation socket.
[   15.081769] cloud-init[677]: |o * o.o + ..     |
[[0;32m  OK  [0m] Started Message of the Day.
[[0;32m  OK  [0m] Listening on Open-iSCSI iscsid Socket.

[   15.104999] cloud-init[677]: |o* B o + .       |         Starting LXD - unix socket.
[[0;32m  OK  [0m] Started Discard unused blocks once a week.
[[0;32m  OK  [0m] Started Daily apt download activities.

[   15.133400] [[0;32m  OK  [0m] Started Daily apt upgrade and clean activities.
         Starting Socket activation for snappy daemon.
cloud-init[677]: |++oE= . S        |
[[0;32m  OK  [0m] [   15.160473] cloud-init[677]: |o.+o.o . o .     |
[   15.161914] cloud-init[677]: |o oo. . + +      |Listening on D-Bus System Message Bus Socket.
[[0;32m  OK  [0m] Started Daily Cleanup of Temporary Directories.
[   15.169914] cloud-init[677]: |   +   + o       |
[   15.171662] 
[[0;32m  OK  [0m] Reached target Timers.
[[0;32m  OK  [0m] Listening on ACPID Listen Socket.
cloud-init[677]: |  .     .        |
[   15.176118] cloud-init[677]: +----[SHA256]-----+
[   15.177203] cloud-init[677]: Generating public/private ed25519 key pair.
[[0;32m  OK  [0m] Started ACPI Events Check.
[[0;32m  OK  [0m] Reached target Paths.[   15.180189] cloud-init[677]: Your identification has been saved in /etc/ssh/ssh_host_ed25519_key.
[   15.189714] cloud-init[677]: Your public key has been saved in /etc/ssh/ssh_host_ed25519_key.pub.
[[0;32m  OK  [0m] Reached target Network is Online.

[   15.195590] cloud-init[677]: The key fingerprint is:
[[0;32m  OK  [0m] Reached target Remote File Systems (Pre).
[   15.199105] [[0;32m  OK  [0m] cloud-init[677]: SHA256:3XOVAb9XJwfQjHKUQCYSLmeqlTFNYVtwihHBNtSQjOg root@ubuntu-bionic
Reached target Remote File Systems.
[   15.210994] cloud-init[677]: The key's randomart image is:
         Starting Availability of block devices...
[   15.240471] cloud-init[677]: +--[ED25519 256]--+
[[0;32m  OK  [0m] Listening on LXD - unix socket.
[[0;32m  OK  [0m] Listening on Socket activation for snappy daemon.[   15.249074] cloud-init[677]: | . =**B++.+ooBo. |

[[0;32m  OK  [0m] Started Availability of block devices.[   15.274265] cloud-init[677]: |. . *B.* o. + +.o|
[[0;32m  OK  [0m] Reached target Sockets.

[[0;32m  OK  [0m] Reached target Basic System.
[   15.291639] cloud-init[677]: |.  .=.B    o  .o=|
         Starting LSB: Record successful boot for GRUB...[   15.308703] cloud-init[677]: | E   O   . .   ++|
[   15.310691] cloud-init[677]: |    +   S . o ...|
[   15.311225] cloud-init[677]: |   o         o  .|
[[0;32m  OK  [0m] Started D-Bus System Message Bus.

[   15.329148] cloud-init[677]: |  .              |
[   15.346399] cloud-init[677]: |                 |
[   15.362851] cloud-init[677]: |                 |[[0;32m  OK  [0m] Started FUSE filesystem for LXC.
         Starting Pollinate to seed the pseudo random number generator...
[   15.410425] cloud-init
[677]: +----[SHA256]-----+
         Starting Accounts Service...
         Starting Dispatcher daemon for systemd-networkd...
         Starting LSB: automatic crash report generation...
         Starting Login Service...
         Starting Virtualbox guest utils...
         Starting System Logging Service...
         Starting Snappy daemon...
[[0;32m  OK  [0m] Started Regular background program processing daemon.
[[0;32m  OK  [0m] Started Deferred execution scheduler.
         Starting Permit User Sessions...
[[0;32m  OK  [0m] Started irqbalance daemon.
         Starting LXD - container startup/shutdown...
[[0;32m  OK  [0m] Started System Logging Service.
         Starting Authorization Manager...
[[0;32m  OK  [0m] Started Permit User Sessions.
         Starting Hold until boot process finishes up...
         Starting Terminate Plymouth Boot Screen...
[[0;32m  OK  [0m] Started Hold until boot process finishes up.
         Starting Set console scheme...
[[0;32m  OK  [0m] Started Serial Getty on ttyS0.
[[0;32m  OK  [0m] Started Terminate Plymouth Boot Screen.
[[0;32m  OK  [0m] Started Login Service.
[[0;32m  OK  [0m] Started Unattended Upgrades Shutdown.
[[0;32m  OK  [0m] Started Set console scheme.
[[0;32m  OK  [0m] Created slice system-getty.slice.
[[0;32m  OK  [0m] Started Getty on tty1.
[[0;32m  OK  [0m] Reached target Login Prompts.
[[0;32m  OK  [0m] Started Authorization Manager.
[[0;32m  OK  [0m] Started Accounts Service.
[[0;32m  OK  [0m] Started LSB: automatic crash report generation.
[[0;32m  OK  [0m] Started LSB: Record successful boot for GRUB.
[[0;32m  OK  [0m] Started LXD - container startup/shutdown.
[[0;32m  OK  [0m] Started Virtualbox guest utils.
[[0;32m  OK  [0m] Started Snappy daemon.
         Starting Wait until snapd is fully seeded...
[[0;32m  OK  [0m] Started Dispatcher daemon for systemd-networkd.
[[0;32m  OK  [0m] Started Pollinate to seed the pseudo random number generator.
         Starting OpenBSD Secure Shell server...
[[0;32m  OK  [0m] Started OpenBSD Secure Shell server.
[[0;32m  OK  [0m] Created slice User Slice of vagrant.
         Starting User Manager for UID 1000...
[[0;32m  OK  [0m] Started Session 1 of user vagrant.
[[0;32m  OK  [0m] Started User Manager for UID 1000.
[[0;32m  OK  [0m] Started Wait until snapd is fully seeded.
         Starting Apply the settings specified in cloud-config...
[[0;32m  OK  [0m] Reached target Multi-User System.
[[0;32m  OK  [0m] Reached target Graphical Interface.
         Starting Update UTMP about System Runlevel Changes...
[[0;32m  OK  [0m] Started Update UTMP about System Runlevel Changes.
[   20.586659] cloud-init[1034]: Cloud-init v. 19.4-33-gbb4131a2-0ubuntu1~18.04.1 running 'modules:config' at Mon, 24 Feb 2020 22:19:04 +0000. Up 19.63 seconds.
[[0;32m  OK  [0m] Started Apply the settings specified in cloud-config.
         Starting Execute cloud user/final scripts...
ci-info: no authorized SSH keys fingerprints found for user ubuntu.

Ubuntu 18.04.4 LTS ubuntu-bionic ttyS0

ubuntu-bionic login: <14>Feb 24 22:19:06 ec2: 
<14>Feb 24 22:19:06 ec2: #############################################################
<14>Feb 24 22:19:06 ec2: -----BEGIN SSH HOST KEY FINGERPRINTS-----
<14>Feb 24 22:19:06 ec2: 1024 SHA256:Ofl6WIlLgAukfT83SjfhB23N5rL5azvt6gjMxCuNu2Q root@ubuntu-bionic (DSA)
<14>Feb 24 22:19:06 ec2: 256 SHA256:hO+X6HAHUdJD46iis0WTBRyJVcADL6cZk6ax4ZrA80k root@ubuntu-bionic (ECDSA)
<14>Feb 24 22:19:06 ec2: 256 SHA256:3XOVAb9XJwfQjHKUQCYSLmeqlTFNYVtwihHBNtSQjOg root@ubuntu-bionic (ED25519)
<14>Feb 24 22:19:06 ec2: 2048 SHA256:EU2bZUb3+tzCxAnhm9WbkqygdFahcZ5SxBJJkrYvsJI root@ubuntu-bionic (RSA)
<14>Feb 24 22:19:06 ec2: -----END SSH HOST KEY FINGERPRINTS-----
<14>Feb 24 22:19:06 ec2: #############################################################
-----BEGIN SSH HOST KEY KEYS-----
ecdsa-sha2-nistp256 AAAAE2VjZHNhLXNoYTItbmlzdHAyNTYAAAAIbmlzdHAyNTYAAABBBFCCJ3TJxIRxej8CuGBOnF95vgp9Y6DchF+gSrVqb//jVGzQE/lsan2FUoKEJyUX88wfeIc+v9y6mJxCNvUxxzk= root@ubuntu-bionic
ssh-ed25519 AAAAC3NzaC1lZDI1NTE5AAAAIDiMAbxUga4vQ3i4PnbfeOS4ZntNSFduIqYg0Rd66wiX root@ubuntu-bionic
ssh-rsa AAAAB3NzaC1yc2EAAAADAQABAAABAQDmhV/ehSZzfJNrCJDcXEhd3LGCp/LVv3dxr+iKNwSsj3g2zuSsT+4CWtNk14kCmRqChBvVwGiNaCPNhK7wSnSoT1tw6EeVvN1HtXMTPo4kELIqZ+0396CigjzzkSJNnY++JYrwLIRxPzNLpgTfoCOpP9IU76GqaL6gs+FIc+UViZUNq5MMZQ9YRJR97j/hWR+Y6yaaOR6ITRXs0sd7Ilgk3D/FA7nmQF/TBDmDDj/G5MTi5YFLJsAZnnK/5x2p3F5bLpG9nRrymcCkexna0NmDUgUP3p8Vxz94xCzo7OBbXOSF+G5kvT1rPcew5AmnDtDZ2AgQWDwrBw6lu/KRB95x root@ubuntu-bionic
-----END SSH HOST KEY KEYS-----
[   22.109784] cloud-init[1151]: Cloud-init v. 19.4-33-gbb4131a2-0ubuntu1~18.04.1 running 'modules:final' at Mon, 24 Feb 2020 22:19:06 +0000. Up 21.79 seconds.
[   22.116442] cloud-init[1151]: ci-info: no authorized SSH keys fingerprints found for user ubuntu.
[   22.120828] cloud-init[1151]: Cloud-init v. 19.4-33-gbb4131a2-0ubuntu1~18.04.1 finished at Mon, 24 Feb 2020 22:19:06 +0000. Datasource DataSourceNoCloud [seed=/dev/sdb][dsmode=net].  Up 22.08 seconds
